../Core/Src/can_process.c:29:17:parse_unique40	48	static
../Core/Src/can_process.c:36:12:find_oem_slot	16	static
../Core/Src/can_process.c:42:12:find_entry_by_unique	32	static
../Core/Src/can_process.c:51:12:find_entry_by_short	24	static
../Core/Src/can_process.c:59:12:create_entry	48	static
../Core/Src/can_process.c:94:13:parse_index1	24	static
../Core/Src/can_process.c:105:13:parse_index2	16	static
../Core/Src/can_process.c:113:6:parse_index3	16	static
../Core/Src/can_process.c:122:6:parse_index4	16	static
../Core/Src/can_process.c:132:6:parse_index5	40	static
../Core/Src/can_process.c:147:6:parse_index6	40	static
../Core/Src/can_process.c:163:6:parse_index7	16	static
../Core/Src/can_process.c:169:6:parse_index8	16	static
../Core/Src/can_process.c:209:6:parse_index9	16	static
../Core/Src/can_process.c:216:6:parse_index10	16	static
../Core/Src/can_process.c:223:6:parse_index11	16	static
../Core/Src/can_process.c:230:6:parse_index12	16	static
../Core/Src/can_process.c:237:6:parse_index13	16	static
../Core/Src/can_process.c:244:6:parse_index14	16	static
../Core/Src/can_process.c:250:12:can_tx_ext	56	static
../Core/Src/can_process.c:269:12:send_bms_response	56	static
../Core/Src/can_process.c:288:5:can_send_fet_control	24	static
../Core/Src/can_process.c:303:6:can_send_buzzer_query	24	static
../Core/Src/can_process.c:311:6:process_suspension_msg	16	static
../Core/Src/can_process.c:347:6:parse_std_ids	16	static
../Core/Src/can_process.c:464:6:process_can_frame_full	80	static
../Core/Src/can_process.c:591:6:process_can_frames	56	static
